INFO         | Android emulator version 37.1.11.0 (build_id 15917651) (CL:N/A)
INFO         | Graphics backend: gfxstream
INFO         | Found systemPath C:\Android\SDK\system-images\android-24\google_apis\x86_64\
INFO         | IPv4 server found: 192.168.88.1
INFO         | Ignore IPv6 address: 303d:18b2:1102:0:6037:18b2:1102:0
INFO         | Ignore IPv6 address: 303d:18b2:1102:0:6037:18b2:1102:0
INFO         | Ignore IPv6 address: 303d:18b2:1102:0:6037:18b2:1102:0
INFO         | Ignore IPv6 address: 843:18b2:1102:0:6037:18b2:1102:0
INFO         | Ignore IPv6 address: 843:18b2:1102:0:6037:18b2:1102:0
INFO         | Ignore IPv6 address: 843:18b2:1102:0:6037:18b2:1102:0
INFO         | Ignore IPv6 address: f848:18b2:1102:0:6037:18b2:1102:0
INFO         | Ignore IPv6 address: f848:18b2:1102:0:6037:18b2:1102:0
INFO         | Ignore IPv6 address: f848:18b2:1102:0:6037:18b2:1102:0
INFO         | Ignore IPv6 address: e04e:18b2:1102:0:6037:18b2:1102:0
INFO         | Ignore IPv6 address: e04e:18b2:1102:0:6037:18b2:1102:0
INFO         | Ignore IPv6 address: e04e:18b2:1102:0:6037:18b2:1102:0
INFO         | Ignore IPv6 address: b05b:18b2:1102:0:6037:18b2:1102:0
INFO         | Ignore IPv6 address: b05b:18b2:1102:0:6037:18b2:1102:0
INFO         | Ignore IPv6 address: b05b:18b2:1102:0:6037:18b2:1102:0
INFO         | Ignore IPv6 address: 9861:18b2:1102:0:6037:18b2:1102:0
INFO         | Ignore IPv6 address: 9861:18b2:1102:0:6037:18b2:1102:0
INFO         | Ignore IPv6 address: 9861:18b2:1102:0:6037:18b2:1102:0
INFO         | Ignore IPv6 address: 3069:18b2:1102:0:6037:18b2:1102:0
INFO         | Ignore IPv6 address: 3069:18b2:1102:0:6037:18b2:1102:0
INFO         | Ignore IPv6 address: 3069:18b2:1102:0:6037:18b2:1102:0
INFO         | Guest GLES Driver: Auto (ext controls)
INFO         | emuglConfig_init: vulkan_mode_selected:swiftshader gles_mode_selected:swiftshader
INFO         | Checking system compatibility:
INFO         |   Checking: hasCompatibleHypervisor
INFO         |      Ok: Hypervisor compatibility to run avd: `FarmAcceptanceApi24` are met
INFO         |   Checking: hasSufficientSystem
INFO         |      Ok: System requirements to run avd: `FarmAcceptanceApi24` are met
INFO         |   Checking: hasSufficientHwGpu
INFO         |      Ok: Hardware GPU compatibility checks are not required
INFO         |   Checking: hasSufficientDiskSpace
INFO         |      Ok: Disk space requirements to run avd: `FarmAcceptanceApi24` are met
WARNING      | FeatureControl is requesting a non existing feature.
INFO         | Critical: Failed to load opengl32sw (The specified module could not be found.) (:0, )
INFO         | Warning: Software OpenGL failed. Falling back to system OpenGL. (:0, )
INFO         | Storing crashdata in: C:\Users\MW5000~2\AppData\Local\Temp\\AndroidEmulator\emu-crash-37.1.11.db, detection is enabled for process: 56224
INFO         | Initializing gfxstream backend
INFO         | startOpenglesRendererImpl: gpu info
INFO         | GPU #1
  Make: 10de
  Model: NVIDIA GeForce RTX 5060 Laptop GPU
  Device ID: 2d59

INFO         | Graphics Adapter Vendor Google (Google Inc.)
INFO         | Graphics Adapter Android Emulator OpenGL ES Translator (Google SwiftShader)
INFO         | Graphics API Version OpenGL ES 3.0 (OpenGL ES 3.0 SwiftShader 4.0.0.1)
INFO         | Graphics API Extensions GL_OES_EGL_sync GL_OES_EGL_image GL_OES_EGL_image_external GL_OES_depth24 GL_OES_depth32 GL_OES_element_index_uint GL_OES_texture_float GL_OES_texture_float_linear GL_OES_compressed_paletted_texture GL_OES_compressed_ETC1_RGB8_texture GL_OES_depth_texture GL_OES_texture_half_float GL_OES_texture_half_float_linear GL_OES_packed_depth_stencil GL_OES_vertex_half_float GL_OES_standard_derivatives GL_OES_texture_npot GL_OES_rgb8_rgba8 GL_EXT_color_buffer_float GL_EXT_color_buffer_half_float GL_EXT_texture_format_BGRA8888 GL_APPLE_texture_format_BGRA8888 
INFO         | Graphics Device Extensions N/A
INFO         | Verified boot params were not found.
INFO         | Userspace boot properties:
INFO         |   android.bootanim=0
INFO         |   android.qemud=1
INFO         |   androidboot.android_dt_dir=/sys/bus/platform/devices/ANDR0001:00/properties/android/
INFO         |   androidboot.hardware=ranchu
INFO         |   androidboot.serialno=EMULATOR37X1X11X0
INFO         |   qemu=1
INFO         |   qemu.avd_name=FarmAcceptanceApi24
INFO         |   qemu.camera_hq_edge_processing=0
INFO         |   qemu.dalvik.vm.heapsize=512m
INFO         |   qemu.encrypt=1
INFO         |   qemu.gles=1
INFO         |   qemu.gltransport=pipe
INFO         |   qemu.gltransport.drawFlushInterval=800
INFO         |   qemu.opengles.version=131072
INFO         |   qemu.settings.system.screen_off_timeout=2147483647
INFO         |   qemu.skin=1080x1920
INFO         |   qemu.vsync=60
WHPX on Windows 10.0.26200 detected.
Windows Hypervisor Platform accelerator is operational
