INFO         | Android emulator version 37.1.11.0 (build_id 15917651) (CL:N/A)
INFO         | Graphics backend: gfxstream
INFO         | Found systemPath C:\Android\SDK\system-images\android-36\google_apis_playstore\x86_64\
INFO         | Guest usage of host flag 'VulkanVirtualQueue' will be ignored.
INFO         | Increasing RAM size to 2560MB
INFO         | IPv4 server found: 192.168.88.1
INFO         | Ignore IPv6 address: d0cf:465:4302:0:d0cf:465:4302:0
INFO         | Ignore IPv6 address: d0cf:465:4302:0:d0cf:465:4302:0
INFO         | Ignore IPv6 address: d0cf:465:4302:0:d0cf:465:4302:0
INFO         | Ignore IPv6 address: a8d5:465:4302:0:d0cf:465:4302:0
INFO         | Ignore IPv6 address: a8d5:465:4302:0:d0cf:465:4302:0
INFO         | Ignore IPv6 address: a8d5:465:4302:0:d0cf:465:4302:0
INFO         | Ignore IPv6 address: 98db:465:4302:0:d0cf:465:4302:0
INFO         | Ignore IPv6 address: 98db:465:4302:0:d0cf:465:4302:0
INFO         | Ignore IPv6 address: 98db:465:4302:0:d0cf:465:4302:0
INFO         | Ignore IPv6 address: 80e1:465:4302:0:d0cf:465:4302:0
INFO         | Ignore IPv6 address: 80e1:465:4302:0:d0cf:465:4302:0
INFO         | Ignore IPv6 address: 80e1:465:4302:0:d0cf:465:4302:0
INFO         | Ignore IPv6 address: 20f4:465:4302:0:d0cf:465:4302:0
INFO         | Ignore IPv6 address: 20f4:465:4302:0:d0cf:465:4302:0
INFO         | Ignore IPv6 address: 20f4:465:4302:0:d0cf:465:4302:0
INFO         | Ignore IPv6 address: 8fa:465:4302:0:d0cf:465:4302:0
INFO         | Ignore IPv6 address: 8fa:465:4302:0:d0cf:465:4302:0
INFO         | Ignore IPv6 address: 8fa:465:4302:0:d0cf:465:4302:0
INFO         | Ignore IPv6 address: a001:565:4302:0:d0cf:465:4302:0
INFO         | Ignore IPv6 address: a001:565:4302:0:d0cf:465:4302:0
INFO         | Ignore IPv6 address: a001:565:4302:0:d0cf:465:4302:0
INFO         | Guest GLES Driver: Auto (ext controls)
INFO         | emuglConfig_init: vulkan_mode_selected:swiftshader gles_mode_selected:swiftshader
INFO         | Checking system compatibility:
INFO         |   Checking: hasCompatibleHypervisor
INFO         |      Ok: Hypervisor compatibility to run avd: `FarmAcceptanceTalkBack36` are met
INFO         |   Checking: hasSufficientSystem
INFO         |      Ok: System requirements to run avd: `FarmAcceptanceTalkBack36` are met
INFO         |   Checking: hasSufficientHwGpu
INFO         |      Ok: Hardware GPU compatibility checks are not required
INFO         |   Checking: hasSufficientDiskSpace
INFO         |      Ok: Disk space requirements to run avd: `FarmAcceptanceTalkBack36` are met
INFO         | Critical: Failed to load opengl32sw (The specified module could not be found.) (:0, )
INFO         | Warning: Software OpenGL failed. Falling back to system OpenGL. (:0, )
INFO         | Storing crashdata in: C:\Users\MW5000~2\AppData\Local\Temp\\AndroidEmulator\emu-crash-37.1.11.db, detection is enabled for process: 60572
INFO         | Initializing gfxstream backend
INFO         | startOpenglesRendererImpl: gpu info
INFO         | GPU #1
  Make: 10de
  Model: NVIDIA GeForce RTX 5060 Laptop GPU
  Device ID: 2d59

INFO         | Disabling implicit Vulkan layers to avoid compatibility issues. Set VK_LOADER_LAYERS_DISABLE manually to disable this behavior.
INFO         | initIcdPaths: ICD set to 'swiftshader', using Swiftshader ICD
INFO         | Setting ICD filenames for the loader = C:\Android\SDK\emulator\lib64\vulkan\vk_swiftshader_icd.json
INFO         | SharedLibrary::open for [C:\Android\SDK\emulator\qemu\windows-x86_64\lib64\vulkan\vulkan-1.dll]
INFO         | SharedLibrary::open for [C:\Android\SDK\emulator\lib64\vulkan\vulkan-1.dll]
INFO         | Added library: C:\Android\SDK\emulator\lib64\vulkan\vulkan-1.dll
INFO         | Selecting Vulkan device: SwiftShader Device (LLVM 10.0.0), Version: 1.2.0
INFO         | Using Vulkan externalMemoryMode: HostAllocation for VkEmulation
INFO         | Initializing VkEmulation features:
INFO         |     glInteropSupported: false
INFO         |     useDeferredCommands: true
INFO         |     createResourceWithRequirements: true
INFO         |     useVulkanComposition: false
INFO         |     useVulkanNativeSwapchain: false
INFO         |     enable guestRenderDoc: false
INFO         |     ASTC LDR emulation mode: Gpu
INFO         |     enable ETC2 emulation: true
INFO         |     enable Ycbcr emulation: false
INFO         |     guestVulkanOnly: false
INFO         |     useDedicatedAllocations: false
INFO         |     guestVulkanMaxApiVersion: 1.3.0
INFO         |     enableProtectedMemoryEmulation: false
INFO         | Graphics Adapter Vendor Google (Google Inc.)
INFO         | Graphics Adapter Android Emulator OpenGL ES Translator (Google SwiftShader)
INFO         | Graphics API Version OpenGL ES 3.0 (OpenGL ES 3.0 SwiftShader 4.0.0.1)
INFO         | Graphics API Extensions GL_OES_EGL_sync GL_OES_EGL_image GL_OES_EGL_image_external GL_OES_depth24 GL_OES_depth32 GL_OES_element_index_uint GL_OES_texture_float GL_OES_texture_float_linear GL_OES_compressed_paletted_texture GL_OES_compressed_ETC1_RGB8_texture GL_OES_depth_texture GL_OES_texture_half_float GL_OES_texture_half_float_linear GL_OES_packed_depth_stencil GL_OES_vertex_half_float GL_OES_standard_derivatives GL_OES_texture_npot GL_OES_rgb8_rgba8 GL_EXT_color_buffer_float GL_EXT_color_buffer_half_float GL_EXT_texture_format_BGRA8888 GL_APPLE_texture_format_BGRA8888 
INFO         | Graphics Device Extensions N/A
INFO         | Disabling sparse binding feature support
INFO         | Sending adb public key [QAAAAK1pmZbbHTJ+scClLAExqpEkngqIn8x9jcn/RajBc2MyQsFCw62DMUXDTCLkDirOSYjg1DFV5Y9jtaAItmeTWwYcjyWACI6wi4YT8xMWM6+Hf1O7TUATbOci3Yvt7ekfTEoqTcnceN7efftrPS6PI5125wqg6f+TVONXRjd5LreqtHI4/+Y9Gg2Cshp38X2KV9GDyoo75tuifrDLals3xLz3eM1WbyOM+nK496GJdVGgR0mM4HRRQFLuErJqESGQPWVjSKE2rjTtpvg2kEpbFKJECkovggu8lREWw4wkPGJdPpPtPTvro2y1h5nOnuFPP0YCE3YEgQvd8SpJJjXC7FF9zS7sy6gJN5K0wVGDB0Cg+H/wT0bFG7ZEZ5k5W6UQKrCeGmdp/iwvGmZhM5krUr3l9PvMc7/xsx5y51HtoVs4WFlRECgNdGb7aHaeTGhopxvOi0gR7O9ReD9klJYvdb/QTLLEBln79lf5QMVszUKIBslBs+dknKA35zJMlyyQpd/rmoKxjFWOAXJyp3nyMXA/MkMJ9Rb6XwE3jElrl2iwLAkc8N9r5VlJzje449eLAqLYRuo2sQ2+rnZjY/vYKg7LJ/zZHHin6BDznejuT0OGXzthq3zsEYX0RQRTF8lx8V4ymEUJV0jL93UKN+HXD6SRFNfXUKuXG9vqVHmxWePDfpobxgEAAQA= @unknown]
INFO         | Userspace boot properties:
INFO         |   androidboot.boot_devices=pci0000:00/0000:00:03.0 pci0000:00/0000:00:06.0
INFO         |   androidboot.dalvik.vm.heapsize=576m
INFO         |   androidboot.debug.hwui.renderer=skiagl
INFO         |   androidboot.hardware=ranchu
INFO         |   androidboot.hardware.gltransport=pipe
INFO         |   androidboot.hardware.vulkan=ranchu
INFO         |   androidboot.logcat=*:V
INFO         |   androidboot.opengles.version=196608
INFO         |   androidboot.qemu=1
INFO         |   androidboot.qemu.adb.pubkey=QAAAAK1pmZbbHTJ+scClLAExqpEkngqIn8x9jcn/RajBc2MyQsFCw62DMUXDTCLkDirOSYjg1DFV5Y9jtaAItmeTWwYcjyWACI6wi4YT8xMWM6+Hf1O7TUATbOci3Yvt7ekfTEoqTcnceN7efftrPS6PI5125wqg6f+TVONXRjd5LreqtHI4/+Y9Gg2Cshp38X2KV9GDyoo75tuifrDLals3xLz3eM1WbyOM+nK496GJdVGgR0mM4HRRQFLuErJqESGQPWVjSKE2rjTtpvg2kEpbFKJECkovggu8lREWw4wkPGJdPpPtPTvro2y1h5nOnuFPP0YCE3YEgQvd8SpJJjXC7FF9zS7sy6gJN5K0wVGDB0Cg+H/wT0bFG7ZEZ5k5W6UQKrCeGmdp/iwvGmZhM5krUr3l9PvMc7/xsx5y51HtoVs4WFlRECgNdGb7aHaeTGhopxvOi0gR7O9ReD9klJYvdb/QTLLEBln79lf5QMVszUKIBslBs+dknKA35zJMlyyQpd/rmoKxjFWOAXJyp3nyMXA/MkMJ9Rb6XwE3jElrl2iwLAkc8N9r5VlJzje449eLAqLYRuo2sQ2+rnZjY/vYKg7LJ/zZHHin6BDznejuT0OGXzthq3zsEYX0RQRTF8lx8V4ymEUJV0jL93UKN+HXD6SRFNfXUKuXG9vqVHmxWePDfpobxgEAAQA= @unknown
INFO         |   androidboot.qemu.avd_name=FarmAcceptanceTalkBack36
INFO         |   androidboot.qemu.camera_hq_edge_processing=0
INFO         |   androidboot.qemu.camera_protocol_ver=1
INFO         |   androidboot.qemu.cpuvulkan.version=4206592
INFO         |   androidboot.qemu.gltransport.drawFlushInterval=800
INFO         |   androidboot.qemu.gltransport.name=pipe
INFO         |   androidboot.qemu.hwcodec.avcdec=2
INFO         |   androidboot.qemu.hwcodec.hevcdec=2
INFO         |   androidboot.qemu.hwcodec.vpxdec=2
INFO         |   androidboot.qemu.settings.system.screen_off_timeout=2147483647
INFO         |   androidboot.qemu.skin=1080x2280
INFO         |   androidboot.qemu.virtiowifi=1
INFO         |   androidboot.qemu.vsync=60
INFO         |   androidboot.serialno=EMULATOR37X1X11X0
INFO         |   androidboot.vbmeta.digest=43d61dbc053c8dbf3adaff951e5bdfcf174ece9dd24ffe8e6120f951cb412b2a
INFO         |   androidboot.vbmeta.hash_alg=sha256
INFO         |   androidboot.vbmeta.size=6784
INFO         |   androidboot.veritymode=enforcing
WHPX on Windows 10.0.26200 detected.
Windows Hypervisor Platform accelerator is operational
INFO         | Monitoring duration of emulator setup.
INFO         | Activated packet streamer for uwb emulation
INFO         | Activated packet streamer for bluetooth emulation
INFO         | Successfully initialized netsim WiFi
INFO         | Setting display: 0 configuration to: 1080x2280, dpi: 440x440 
INFO         | setDisplayActiveConfig: id:0, 1080x2280
INFO         | Checking system compatibility:
INFO         |   Checking: hasCompatibleHypervisor
INFO         |      Ok: Hypervisor compatibility to run avd: `FarmAcceptanceTalkBack36` are met
INFO         |   Checking: hasSufficientSystem
INFO         |      Ok: System requirements to run avd: `FarmAcceptanceTalkBack36` are met
INFO         |   Checking: hasSufficientHwGpu
INFO         |      Ok: Hardware GPU compatibility checks are not required
INFO         |   Checking: hasSufficientDiskSpace
INFO         |      Ok: Disk space requirements to run avd: `FarmAcceptanceTalkBack36` are met
INFO         | emulatorSetupEnvironment: Environment scene is not required
USER_INFO    | Emulator is performing a full startup. This may take upto two minutes, or more.
INFO         | Warning: QMetaObject::connectSlotsByName: No matching signal for on_rgbcSensorValueWidget_valueChanged() (:0, )
INFO         | Warning: QMetaObject::connectSlotsByName: No matching signal for on_posture_valueChanged(int) (:0, )
INFO         | TouchpadHolder: registering via hw_xr_led agent for instance=000002430B1DD990
INFO         | Warning: QObject::connect: Cannot queue arguments of type 'std::vector<android::emulation::control::SnapshotInfo>'
(Make sure 'std::vector<android::emulation::control::SnapshotInfo>' is registered using qRegisterMetaType().) (:0, )
INFO         | AVD supportsNativeGLES=1, supportsGuestAngle=1
INFO         | Guest Angle is still unstable for API > 35.
INFO         | Created extended window in 202.811ms
WARNING      | adb command 'C:\Android\SDK\platform-tools\adb.exe -s emulator-5554 shell getprop sys.boot_completed ' failed: 'adb.exe: device offline'
INFO         | Critical: UpdateLayeredWindowIndirect failed for ptDst=(219, 195), size=(450x32), dirty=(450x33 0, 0) (A device attached to the system is not functioning.) (:0, )
INFO         | Boot completed in 40126 ms
INFO         | Increasing screen off timeout, logcat buffer size to 2M.
INFO         | IPv4 server found: 192.168.88.1
INFO         | Ignore IPv6 address: 206a:821d:4302:0:206a:821d:4302:0
INFO         | Ignore IPv6 address: 206a:821d:4302:0:206a:821d:4302:0
INFO         | Ignore IPv6 address: 206a:821d:4302:0:206a:821d:4302:0
INFO         | Ignore IPv6 address: f86f:821d:4302:0:206a:821d:4302:0
INFO         | Ignore IPv6 address: f86f:821d:4302:0:206a:821d:4302:0
INFO         | Ignore IPv6 address: f86f:821d:4302:0:206a:821d:4302:0
INFO         | Ignore IPv6 address: e875:821d:4302:0:206a:821d:4302:0
INFO         | Ignore IPv6 address: e875:821d:4302:0:206a:821d:4302:0
INFO         | Ignore IPv6 address: e875:821d:4302:0:206a:821d:4302:0
INFO         | Ignore IPv6 address: d07b:821d:4302:0:206a:821d:4302:0
INFO         | Ignore IPv6 address: d07b:821d:4302:0:206a:821d:4302:0
INFO         | Ignore IPv6 address: d07b:821d:4302:0:206a:821d:4302:0
INFO         | Ignore IPv6 address: 708e:821d:4302:0:206a:821d:4302:0
INFO         | Ignore IPv6 address: 708e:821d:4302:0:206a:821d:4302:0
INFO         | Ignore IPv6 address: 708e:821d:4302:0:206a:821d:4302:0
INFO         | Ignore IPv6 address: 5894:821d:4302:0:206a:821d:4302:0
INFO         | Ignore IPv6 address: 5894:821d:4302:0:206a:821d:4302:0
INFO         | Ignore IPv6 address: 5894:821d:4302:0:206a:821d:4302:0
INFO         | Ignore IPv6 address: f09b:821d:4302:0:206a:821d:4302:0
INFO         | Ignore IPv6 address: f09b:821d:4302:0:206a:821d:4302:0
INFO         | Ignore IPv6 address: f09b:821d:4302:0:206a:821d:4302:0
INFO         | IPv4 server found: 192.168.88.1
INFO         | Ignore IPv6 address: 206a:821d:4302:0:206a:821d:4302:0
INFO         | Ignore IPv6 address: 206a:821d:4302:0:206a:821d:4302:0
INFO         | Ignore IPv6 address: 206a:821d:4302:0:206a:821d:4302:0
INFO         | Ignore IPv6 address: f86f:821d:4302:0:206a:821d:4302:0
INFO         | Ignore IPv6 address: f86f:821d:4302:0:206a:821d:4302:0
INFO         | Ignore IPv6 address: f86f:821d:4302:0:206a:821d:4302:0
INFO         | Ignore IPv6 address: e875:821d:4302:0:206a:821d:4302:0
INFO         | Ignore IPv6 address: e875:821d:4302:0:206a:821d:4302:0
INFO         | Ignore IPv6 address: e875:821d:4302:0:206a:821d:4302:0
INFO         | Ignore IPv6 address: d07b:821d:4302:0:206a:821d:4302:0
INFO         | Ignore IPv6 address: d07b:821d:4302:0:206a:821d:4302:0
INFO         | Ignore IPv6 address: d07b:821d:4302:0:206a:821d:4302:0
INFO         | Ignore IPv6 address: 708e:821d:4302:0:206a:821d:4302:0
INFO         | Ignore IPv6 address: 708e:821d:4302:0:206a:821d:4302:0
INFO         | Ignore IPv6 address: 708e:821d:4302:0:206a:821d:4302:0
INFO         | Ignore IPv6 address: 5894:821d:4302:0:206a:821d:4302:0
INFO         | Ignore IPv6 address: 5894:821d:4302:0:206a:821d:4302:0
INFO         | Ignore IPv6 address: 5894:821d:4302:0:206a:821d:4302:0
INFO         | Ignore IPv6 address: f09b:821d:4302:0:206a:821d:4302:0
INFO         | Ignore IPv6 address: f09b:821d:4302:0:206a:821d:4302:0
INFO         | Ignore IPv6 address: f09b:821d:4302:0:206a:821d:4302:0
INFO         | IPv4 server found: 192.168.88.1
INFO         | Ignore IPv6 address: 206a:821d:4302:0:206a:821d:4302:0
INFO         | Ignore IPv6 address: 206a:821d:4302:0:206a:821d:4302:0
INFO         | Ignore IPv6 address: 206a:821d:4302:0:206a:821d:4302:0
INFO         | Ignore IPv6 address: f86f:821d:4302:0:206a:821d:4302:0
INFO         | Ignore IPv6 address: f86f:821d:4302:0:206a:821d:4302:0
INFO         | Ignore IPv6 address: f86f:821d:4302:0:206a:821d:4302:0
INFO         | Ignore IPv6 address: e875:821d:4302:0:206a:821d:4302:0
INFO         | Ignore IPv6 address: e875:821d:4302:0:206a:821d:4302:0
INFO         | Ignore IPv6 address: e875:821d:4302:0:206a:821d:4302:0
INFO         | Ignore IPv6 address: d07b:821d:4302:0:206a:821d:4302:0
INFO         | Ignore IPv6 address: d07b:821d:4302:0:206a:821d:4302:0
INFO         | Ignore IPv6 address: d07b:821d:4302:0:206a:821d:4302:0
INFO         | Ignore IPv6 address: 708e:821d:4302:0:206a:821d:4302:0
INFO         | Ignore IPv6 addres